实例 B（端口 18312）：与实例 A 共用同一 Redis、当时是不同进程，用于 V-c3 多实例共享。

##########################################################################################
# instanceB-run1.log
##########################################################################################

  .   ____          _            __ _ _
 /\\ / ___'_ __ _ _(_)_ __  __ _ \ \ \ \
( ( )\___ | '_ | '_| | '_ \/ _` | \ \ \ \
 \\/  ___)| |_)| | | | | || (_| |  ) ) ) )
  '  |____| .__|_| |_|_| |_\__, | / / / /
 =========|_|==============|___/=/_/_/_/

 :: Spring Boot ::               (v3.5.14)

2026-10-06T19:40:34.710+08:00  INFO 27724 --- [sp01c-redis-chat-memory] [           main] com.example.spike.SpikeApplication       : Starting SpikeApplication v0.0.1-SNAPSHOT using Java 21.0.12 with PID 27724 (<WORK_DIR>\sp01c.jar started by <USER> in <WORK_DIR>)
2026-10-06T19:40:34.719+08:00  INFO 27724 --- [sp01c-redis-chat-memory] [           main] com.example.spike.SpikeApplication       : No active profile set, falling back to 1 default profile: "default"
2026-10-06T19:40:35.814+08:00  INFO 27724 --- [sp01c-redis-chat-memory] [           main] .s.d.r.c.RepositoryConfigurationDelegate : Multiple Spring Data modules found, entering strict repository configuration mode
2026-10-06T19:40:35.817+08:00  INFO 27724 --- [sp01c-redis-chat-memory] [           main] .s.d.r.c.RepositoryConfigurationDelegate : Bootstrapping Spring Data Redis repositories in DEFAULT mode.
2026-10-06T19:40:35.847+08:00  INFO 27724 --- [sp01c-redis-chat-memory] [           main] .s.d.r.c.RepositoryConfigurationDelegate : Finished Spring Data repository scanning in 12 ms. Found 0 Redis repository interfaces.
2026-10-06T19:40:36.282+08:00  INFO 27724 --- [sp01c-redis-chat-memory] [           main] o.s.b.w.embedded.tomcat.TomcatWebServer  : Tomcat initialized with port 18312 (http)
2026-10-06T19:40:36.297+08:00  INFO 27724 --- [sp01c-redis-chat-memory] [           main] o.apache.catalina.core.StandardService   : Starting service [Tomcat]
2026-10-06T19:40:36.297+08:00  INFO 27724 --- [sp01c-redis-chat-memory] [           main] o.apache.catalina.core.StandardEngine    : Starting Servlet engine: [Apache Tomcat/10.1.54]
2026-10-06T19:40:36.330+08:00  INFO 27724 --- [sp01c-redis-chat-memory] [           main] o.a.c.c.C.[Tomcat].[localhost].[/]       : Initializing Spring embedded WebApplicationContext
2026-10-06T19:40:36.330+08:00  INFO 27724 --- [sp01c-redis-chat-memory] [           main] w.s.c.ServletWebServerApplicationContext : Root WebApplicationContext: initialization completed in 1524 ms
2026-10-06T19:40:38.256+08:00  INFO 27724 --- [sp01c-redis-chat-memory] [           main] o.s.b.w.embedded.tomcat.TomcatWebServer  : Tomcat started on port 18312 (http) with context path '/'
2026-10-06T19:40:38.282+08:00  INFO 27724 --- [sp01c-redis-chat-memory] [           main] com.example.spike.SpikeApplication       : Started SpikeApplication in 4.083 seconds (process running for 4.778)
2026-10-06T19:41:16.410+08:00  INFO 27724 --- [sp01c-redis-chat-memory] [io-18312-exec-1] o.a.c.c.C.[Tomcat].[localhost].[/]       : Initializing Spring DispatcherServlet 'dispatcherServlet'
2026-10-06T19:41:16.410+08:00  INFO 27724 --- [sp01c-redis-chat-memory] [io-18312-exec-1] o.s.web.servlet.DispatcherServlet        : Initializing Servlet 'dispatcherServlet'
2026-10-06T19:41:16.412+08:00  INFO 27724 --- [sp01c-redis-chat-memory] [io-18312-exec-1] o.s.web.servlet.DispatcherServlet        : Completed initialization in 2 ms
