[INFO] Scanning for projects...
[INFO] 
[INFO] -------------< com.example.spike:sp01c-redis-chat-memory >--------------
[INFO] Building sp01c-redis-chat-memory 0.0.1-SNAPSHOT
[INFO]   from pom.xml
[INFO] --------------------------------[ jar ]---------------------------------
[INFO] 
[INFO] --- clean:3.4.1:clean (default-clean) @ sp01c-redis-chat-memory ---
[INFO] 
[INFO] --- resources:3.3.1:resources (default-resources) @ sp01c-redis-chat-memory ---
[INFO] Copying 1 resource from src\main\resources to target\classes
[INFO] Copying 0 resource from src\main\resources to target\classes
[INFO] 
[INFO] --- compiler:3.14.1:compile (default-compile) @ sp01c-redis-chat-memory ---
[INFO] Recompiling the module because of changed source code.
[INFO] Compiling 8 source files with javac [debug parameters release 21] to target\classes
[INFO] 
[INFO] --- resources:3.3.1:testResources (default-testResources) @ sp01c-redis-chat-memory ---
[INFO] skip non existing resourceDirectory <REPO_ROOT>\spike\sp01c\src\test\resources
[INFO] 
[INFO] --- compiler:3.14.1:testCompile (default-testCompile) @ sp01c-redis-chat-memory ---
[INFO] No sources to compile
[INFO] 
[INFO] --- surefire:3.5.5:test (default-test) @ sp01c-redis-chat-memory ---
[INFO] No tests to run.
[INFO] 
[INFO] --- jar:3.4.2:jar (default-jar) @ sp01c-redis-chat-memory ---
[INFO] Building jar: <REPO_ROOT>\spike\sp01c\target\sp01c-redis-chat-memory-0.0.1-SNAPSHOT.jar
[INFO] 
[INFO] --- spring-boot:3.5.14:repackage (repackage) @ sp01c-redis-chat-memory ---
[INFO] Replacing main artifact <REPO_ROOT>\spike\sp01c\target\sp01c-redis-chat-memory-0.0.1-SNAPSHOT.jar with repackaged archive, adding nested dependencies in BOOT-INF/.
[INFO] The original artifact has been renamed to <REPO_ROOT>\spike\sp01c\target\sp01c-redis-chat-memory-0.0.1-SNAPSHOT.jar.original
[INFO] ------------------------------------------------------------------------
[INFO] BUILD SUCCESS
[INFO] ------------------------------------------------------------------------
[INFO] Total time:  16.116 s
[INFO] Finished at: 2026-10-06T21:22:08+08:00
[INFO] ------------------------------------------------------------------------
