
  .   ____          _            __ _ _
 /\\ / ___'_ __ _ _(_)_ __  __ _ \ \ \ \
( ( )\___ | '_ | '_| | '_ \/ _` | \ \ \ \
 \\/  ___)| |_)| | | | | || (_| |  ) ) ) )
  '  |____| .__|_| |_|_| |_\__, | / / / /
 =========|_|==============|___/=/_/_/_/

 :: Spring Boot ::               (v3.5.14)

2026-10-07T00:28:00.952+08:00  INFO 11760 --- [sp02-resume-protocol] [           main] com.example.spike.SpikeApplication       : Starting SpikeApplication v0.0.1-SNAPSHOT using Java 21.0.12 with PID 11760 (<REPO_ROOT>/spike/sp02\target\sp02-resume-protocol-0.0.1-SNAPSHOT.jar started by <USER> in <REPO_ROOT>/spike/sp02)
2026-10-07T00:28:00.954+08:00  INFO 11760 --- [sp02-resume-protocol] [           main] com.example.spike.SpikeApplication       : No active profile set, falling back to 1 default profile: "default"
2026-10-07T00:28:01.772+08:00  INFO 11760 --- [sp02-resume-protocol] [           main] .s.d.r.c.RepositoryConfigurationDelegate : Multiple Spring Data modules found, entering strict repository configuration mode
2026-10-07T00:28:01.775+08:00  INFO 11760 --- [sp02-resume-protocol] [           main] .s.d.r.c.RepositoryConfigurationDelegate : Bootstrapping Spring Data Redis repositories in DEFAULT mode.
2026-10-07T00:28:01.802+08:00  INFO 11760 --- [sp02-resume-protocol] [           main] .s.d.r.c.RepositoryConfigurationDelegate : Finished Spring Data repository scanning in 12 ms. Found 0 Redis repository interfaces.
2026-10-07T00:28:02.198+08:00  INFO 11760 --- [sp02-resume-protocol] [           main] o.s.b.w.embedded.tomcat.TomcatWebServer  : Tomcat initialized with port 18306 (http)
2026-10-07T00:28:02.209+08:00  INFO 11760 --- [sp02-resume-protocol] [           main] o.apache.catalina.core.StandardService   : Starting service [Tomcat]
2026-10-07T00:28:02.209+08:00  INFO 11760 --- [sp02-resume-protocol] [           main] o.apache.catalina.core.StandardEngine    : Starting Servlet engine: [Apache Tomcat/10.1.54]
2026-10-07T00:28:02.236+08:00  INFO 11760 --- [sp02-resume-protocol] [           main] o.a.c.c.C.[Tomcat].[localhost].[/]       : Initializing Spring embedded WebApplicationContext
2026-10-07T00:28:02.237+08:00  INFO 11760 --- [sp02-resume-protocol] [           main] w.s.c.ServletWebServerApplicationContext : Root WebApplicationContext: initialization completed in 1212 ms
2026-10-07T00:28:04.780+08:00  INFO 11760 --- [sp02-resume-protocol] [           main] o.s.b.w.embedded.tomcat.TomcatWebServer  : Tomcat started on port 18306 (http) with context path '/'
2026-10-07T00:28:04.833+08:00  INFO 11760 --- [sp02-resume-protocol] [           main] com.example.spike.SpikeApplication       : Started SpikeApplication in 4.303 seconds (process running for 4.718)
2026-10-07T00:28:05.113+08:00  INFO 11760 --- [sp02-resume-protocol] [io-18306-exec-1] o.a.c.c.C.[Tomcat].[localhost].[/]       : Initializing Spring DispatcherServlet 'dispatcherServlet'
2026-10-07T00:28:05.114+08:00  INFO 11760 --- [sp02-resume-protocol] [io-18306-exec-1] o.s.web.servlet.DispatcherServlet        : Initializing Servlet 'dispatcherServlet'
2026-10-07T00:28:05.120+08:00  INFO 11760 --- [sp02-resume-protocol] [io-18306-exec-1] o.s.web.servlet.DispatcherServlet        : Completed initialization in 6 ms

# SIGKILL sent at 2026-10-06T16:28:08.469Z

# process exited code=1 signal=null
