
  .   ____          _            __ _ _
 /\\ / ___'_ __ _ _(_)_ __  __ _ \ \ \ \
( ( )\___ | '_ | '_| | '_ \/ _` | \ \ \ \
 \\/  ___)| |_)| | | | | || (_| |  ) ) ) )
  '  |____| .__|_| |_|_| |_\__, | / / / /
 =========|_|==============|___/=/_/_/_/

 :: Spring Boot ::               (v3.5.14)

2026-10-07T00:27:38.410+08:00  INFO 13736 --- [sp02-resume-protocol] [           main] com.example.spike.SpikeApplication       : Starting SpikeApplication v0.0.1-SNAPSHOT using Java 21.0.12 with PID 13736 (<MAIN_V2>/spike/sp02\target\sp02-resume-protocol-0.0.1-SNAPSHOT.jar started by <USER> in <MAIN_V2>/spike/sp02)
2026-10-07T00:27:38.413+08:00  INFO 13736 --- [sp02-resume-protocol] [           main] com.example.spike.SpikeApplication       : No active profile set, falling back to 1 default profile: "default"
2026-10-07T00:27:39.438+08:00  INFO 13736 --- [sp02-resume-protocol] [           main] .s.d.r.c.RepositoryConfigurationDelegate : Multiple Spring Data modules found, entering strict repository configuration mode
2026-10-07T00:27:39.445+08:00  INFO 13736 --- [sp02-resume-protocol] [           main] .s.d.r.c.RepositoryConfigurationDelegate : Bootstrapping Spring Data Redis repositories in DEFAULT mode.
2026-10-07T00:27:39.481+08:00  INFO 13736 --- [sp02-resume-protocol] [           main] .s.d.r.c.RepositoryConfigurationDelegate : Finished Spring Data repository scanning in 15 ms. Found 0 Redis repository interfaces.
2026-10-07T00:27:39.990+08:00  INFO 13736 --- [sp02-resume-protocol] [           main] o.s.b.w.embedded.tomcat.TomcatWebServer  : Tomcat initialized with port 18306 (http)
2026-10-07T00:27:40.005+08:00  INFO 13736 --- [sp02-resume-protocol] [           main] o.apache.catalina.core.StandardService   : Starting service [Tomcat]
2026-10-07T00:27:40.005+08:00  INFO 13736 --- [sp02-resume-protocol] [           main] o.apache.catalina.core.StandardEngine    : Starting Servlet engine: [Apache Tomcat/10.1.54]
2026-10-07T00:27:40.079+08:00  INFO 13736 --- [sp02-resume-protocol] [           main] o.a.c.c.C.[Tomcat].[localhost].[/]       : Initializing Spring embedded WebApplicationContext
2026-10-07T00:27:40.080+08:00  INFO 13736 --- [sp02-resume-protocol] [           main] w.s.c.ServletWebServerApplicationContext : Root WebApplicationContext: initialization completed in 1582 ms
2026-10-07T00:27:42.798+08:00  INFO 13736 --- [sp02-resume-protocol] [           main] o.s.b.w.embedded.tomcat.TomcatWebServer  : Tomcat started on port 18306 (http) with context path '/'
2026-10-07T00:27:42.840+08:00  INFO 13736 --- [sp02-resume-protocol] [           main] com.example.spike.SpikeApplication       : Started SpikeApplication in 4.898 seconds (process running for 5.362)
2026-10-07T00:27:43.211+08:00  INFO 13736 --- [sp02-resume-protocol] [io-18306-exec-1] o.a.c.c.C.[Tomcat].[localhost].[/]       : Initializing Spring DispatcherServlet 'dispatcherServlet'
2026-10-07T00:27:43.211+08:00  INFO 13736 --- [sp02-resume-protocol] [io-18306-exec-1] o.s.web.servlet.DispatcherServlet        : Initializing Servlet 'dispatcherServlet'
2026-10-07T00:27:43.212+08:00  INFO 13736 --- [sp02-resume-protocol] [io-18306-exec-1] o.s.web.servlet.DispatcherServlet        : Completed initialization in 1 ms

# SIGKILL sent at 2026-10-06T16:27:45.763Z

# process exited code=1 signal=null
