
  .   ____          _            __ _ _
 /\\ / ___'_ __ _ _(_)_ __  __ _ \ \ \ \
( ( )\___ | '_ | '_| | '_ \/ _` | \ \ \ \
 \\/  ___)| |_)| | | | | || (_| |  ) ) ) )
  '  |____| .__|_| |_|_| |_\__, | / / / /
 =========|_|==============|___/=/_/_/_/

 :: Spring Boot ::               (v3.5.14)

2026-10-06T21:36:39.120+08:00  INFO 24320 --- [sp01d-resilience] [           main] com.example.spike.SpikeApplication       : Starting SpikeApplication v0.0.1-SNAPSHOT using Java 21.0.12 with PID 24320 (<MAIN_V2>\spike\sp01d\target\sp01d-resilience-0.0.1-SNAPSHOT.jar started by <USER> in <MAIN_V2>\spike\sp01d)
2026-10-06T21:36:39.122+08:00 DEBUG 24320 --- [sp01d-resilience] [           main] com.example.spike.SpikeApplication       : Running with Spring Boot v3.5.14, Spring v6.2.18
2026-10-06T21:36:39.138+08:00  INFO 24320 --- [sp01d-resilience] [           main] com.example.spike.SpikeApplication       : The following 1 profile is active: "verbose"
2026-10-06T21:36:40.133+08:00  INFO 24320 --- [sp01d-resilience] [           main] o.s.b.w.embedded.tomcat.TomcatWebServer  : Tomcat initialized with port 18303 (http)
2026-10-06T21:36:40.156+08:00  INFO 24320 --- [sp01d-resilience] [           main] o.apache.catalina.core.StandardService   : Starting service [Tomcat]
2026-10-06T21:36:40.157+08:00  INFO 24320 --- [sp01d-resilience] [           main] o.apache.catalina.core.StandardEngine    : Starting Servlet engine: [Apache Tomcat/10.1.54]
2026-10-06T21:36:40.190+08:00  INFO 24320 --- [sp01d-resilience] [           main] o.a.c.c.C.[Tomcat].[localhost].[/]       : Initializing Spring embedded WebApplicationContext
2026-10-06T21:36:40.190+08:00  INFO 24320 --- [sp01d-resilience] [           main] w.s.c.ServletWebServerApplicationContext : Root WebApplicationContext: initialization completed in 1000 ms
2026-10-06T21:36:40.526+08:00 DEBUG 24320 --- [sp01d-resilience] [           main] o.s.a.m.t.a.ToolCallingAutoConfiguration : Cannot load class: org.springframework.security.oauth2.client.ClientAuthorizationException
2026-10-06T21:36:40.948+08:00  INFO 24320 --- [sp01d-resilience] [           main] o.s.b.w.embedded.tomcat.TomcatWebServer  : Tomcat started on port 18303 (http) with context path '/'
2026-10-06T21:36:40.960+08:00  INFO 24320 --- [sp01d-resilience] [           main] com.example.spike.SpikeApplication       : Started SpikeApplication in 2.307 seconds (process running for 2.768)
2026-10-06T21:37:09.653+08:00  INFO 24320 --- [sp01d-resilience] [io-18303-exec-1] o.a.c.c.C.[Tomcat].[localhost].[/]       : Initializing Spring DispatcherServlet 'dispatcherServlet'
2026-10-06T21:37:09.653+08:00  INFO 24320 --- [sp01d-resilience] [io-18303-exec-1] o.s.web.servlet.DispatcherServlet        : Initializing Servlet 'dispatcherServlet'
2026-10-06T21:37:09.655+08:00  INFO 24320 --- [sp01d-resilience] [io-18303-exec-1] o.s.web.servlet.DispatcherServlet        : Completed initialization in 2 ms
2026-10-06T21:37:10.828+08:00  INFO 24320 --- [sp01d-resilience] [oundedElastic-2] c.e.spike.core.ResilientChatService      : STREAM_ITEM sessionId=glm-short-timeout runId=glm-short-timeout#1791293829745 tsOffset=1081ms textLen=-1 hasToolCalls=false
2026-10-06T21:37:10.883+08:00  INFO 24320 --- [sp01d-resilience] [oundedElastic-2] c.e.spike.core.ResilientChatService      : STREAM_ITEM sessionId=glm-short-timeout runId=glm-short-timeout#1791293829745 tsOffset=1136ms textLen=-1 hasToolCalls=false
2026-10-06T21:37:10.898+08:00  INFO 24320 --- [sp01d-resilience] [oundedElastic-2] c.e.spike.core.ResilientChatService      : STREAM_ITEM sessionId=glm-short-timeout runId=glm-short-timeout#1791293829745 tsOffset=1151ms textLen=-1 hasToolCalls=false
2026-10-06T21:37:10.910+08:00  INFO 24320 --- [sp01d-resilience] [oundedElastic-2] c.e.spike.core.ResilientChatService      : STREAM_ITEM sessionId=glm-short-timeout runId=glm-short-timeout#1791293829745 tsOffset=1163ms textLen=-1 hasToolCalls=false
2026-10-06T21:37:10.912+08:00  INFO 24320 --- [sp01d-resilience] [oundedElastic-2] c.e.spike.core.ResilientChatService      : STREAM_ITEM sessionId=glm-short-timeout runId=glm-short-timeout#1791293829745 tsOffset=1165ms textLen=-1 hasToolCalls=false
2026-10-06T21:37:10.925+08:00  INFO 24320 --- [sp01d-resilience] [oundedElastic-2] c.e.spike.core.ResilientChatService      : STREAM_ITEM sessionId=glm-short-timeout runId=glm-short-timeout#1791293829745 tsOffset=1178ms textLen=-1 hasToolCalls=false
2026-10-06T21:37:10.927+08:00  INFO 24320 --- [sp01d-resilience] [oundedElastic-2] c.e.spike.core.ResilientChatService      : STREAM_ITEM sessionId=glm-short-timeout runId=glm-short-timeout#1791293829745 tsOffset=1180ms textLen=-1 hasToolCalls=false
2026-10-06T21:37:10.928+08:00  INFO 24320 --- [sp01d-resilience] [oundedElastic-2] c.e.spike.core.ResilientChatService      : STREAM_ITEM sessionId=glm-short-timeout runId=glm-short-timeout#1791293829745 tsOffset=1181ms textLen=-1 hasToolCalls=false
2026-10-06T21:37:10.930+08:00  INFO 24320 --- [sp01d-resilience] [oundedElastic-2] c.e.spike.core.ResilientChatService      : STREAM_ITEM sessionId=glm-short-timeout runId=glm-short-timeout#1791293829745 tsOffset=1183ms textLen=-1 hasToolCalls=false
2026-10-06T21:37:10.941+08:00  INFO 24320 --- [sp01d-resilience] [oundedElastic-2] c.e.spike.core.ResilientChatService      : STREAM_ITEM sessionId=glm-short-timeout runId=glm-short-timeout#1791293829745 tsOffset=1194ms textLen=-1 hasToolCalls=false
2026-10-06T21:37:10.942+08:00  INFO 24320 --- [sp01d-resilience] [oundedElastic-2] c.e.spike.core.ResilientChatService      : STREAM_ITEM sessionId=glm-short-timeout runId=glm-short-timeout#1791293829745 tsOffset=1195ms textLen=-1 hasToolCalls=false
2026-10-06T21:37:10.947+08:00  INFO 24320 --- [sp01d-resilience] [oundedElastic-2] c.e.spike.core.ResilientChatService      : STREAM_ITEM sessionId=glm-short-timeout runId=glm-short-timeout#1791293829745 tsOffset=1200ms textLen=-1 hasToolCalls=false
2026-10-06T21:37:10.948+08:00  INFO 24320 --- [sp01d-resilience] [oundedElastic-2] c.e.spike.core.ResilientChatService      : STREAM_ITEM sessionId=glm-short-timeout runId=glm-short-timeout#1791293829745 tsOffset=1201ms textLen=-1 hasToolCalls=false
2026-10-06T21:37:10.949+08:00  INFO 24320 --- [sp01d-resilience] [oundedElastic-2] c.e.spike.core.ResilientChatService      : STREAM_ITEM sessionId=glm-short-timeout runId=glm-short-timeout#1791293829745 tsOffset=1202ms textLen=-1 hasToolCalls=false
2026-10-06T21:37:10.949+08:00  INFO 24320 --- [sp01d-resilience] [oundedElastic-2] c.e.spike.core.ResilientChatService      : STREAM_ITEM sessionId=glm-short-timeout runId=glm-short-timeout#1791293829745 tsOffset=1202ms textLen=-1 hasToolCalls=false
2026-10-06T21:37:10.950+08:00  INFO 24320 --- [sp01d-resilience] [oundedElastic-2] c.e.spike.core.ResilientChatService      : STREAM_ITEM sessionId=glm-short-timeout runId=glm-short-timeout#1791293829745 tsOffset=1203ms textLen=-1 hasToolCalls=false
2026-10-06T21:37:10.951+08:00  INFO 24320 --- [sp01d-resilience] [oundedElastic-2] c.e.spike.core.ResilientChatService      : STREAM_ITEM sessionId=glm-short-timeout runId=glm-short-timeout#1791293829745 tsOffset=1204ms textLen=-1 hasToolCalls=false
2026-10-06T21:37:10.952+08:00  INFO 24320 --- [sp01d-resilience] [oundedElastic-2] c.e.spike.core.ResilientChatService      : STREAM_ITEM sessionId=glm-short-timeout runId=glm-short-timeout#1791293829745 tsOffset=1205ms textLen=-1 hasToolCalls=false
2026-10-06T21:37:10.953+08:00  INFO 24320 --- [sp01d-resilience] [oundedElastic-2] c.e.spike.core.ResilientChatService      : STREAM_ITEM sessionId=glm-short-timeout runId=glm-short-timeout#1791293829745 tsOffset=1206ms textLen=-1 hasToolCalls=false
2026-10-06T21:37:10.957+08:00  INFO 24320 --- [sp01d-resilience] [oundedElastic-2] c.e.spike.core.ResilientChatService      : STREAM_ITEM sessionId=glm-short-timeout runId=glm-short-timeout#1791293829745 tsOffset=1210ms textLen=-1 hasToolCalls=false
2026-10-06T21:37:10.957+08:00  INFO 24320 --- [sp01d-resilience] [oundedElastic-2] c.e.spike.core.ResilientChatService      : STREAM_ITEM sessionId=glm-short-timeout runId=glm-short-timeout#1791293829745 tsOffset=1210ms textLen=-1 hasToolCalls=false
2026-10-06T21:37:10.962+08:00  INFO 24320 --- [sp01d-resilience] [oundedElastic-2] c.e.spike.core.ResilientChatService      : STREAM_ITEM sessionId=glm-short-timeout runId=glm-short-timeout#1791293829745 tsOffset=1215ms textLen=-1 hasToolCalls=false
2026-10-06T21:37:10.964+08:00  INFO 24320 --- [sp01d-resilience] [oundedElastic-2] c.e.spike.core.ResilientChatService      : STREAM_ITEM sessionId=glm-short-timeout runId=glm-short-timeout#1791293829745 tsOffset=1217ms textLen=-1 hasToolCalls=false
2026-10-06T21:37:10.964+08:00  INFO 24320 --- [sp01d-resilience] [oundedElastic-2] c.e.spike.core.ResilientChatService      : STREAM_ITEM sessionId=glm-short-timeout runId=glm-short-timeout#1791293829745 tsOffset=1217ms textLen=-1 hasToolCalls=false
2026-10-06T21:37:10.965+08:00  INFO 24320 --- [sp01d-resilience] [oundedElastic-2] c.e.spike.core.ResilientChatService      : STREAM_ITEM sessionId=glm-short-timeout runId=glm-short-timeout#1791293829745 tsOffset=1218ms textLen=-1 hasToolCalls=false
2026-10-06T21:37:10.966+08:00  INFO 24320 --- [sp01d-resilience] [oundedElastic-2] c.e.spike.core.ResilientChatService      : STREAM_ITEM sessionId=glm-short-timeout runId=glm-short-timeout#1791293829745 tsOffset=1219ms textLen=-1 hasToolCalls=false
2026-10-06T21:37:10.979+08:00  INFO 24320 --- [sp01d-resilience] [oundedElastic-2] c.e.spike.core.ResilientChatService      : STREAM_ITEM sessionId=glm-short-timeout runId=glm-short-timeout#1791293829745 tsOffset=1232ms textLen=-1 hasToolCalls=false
2026-10-06T21:37:10.981+08:00  INFO 24320 --- [sp01d-resilience] [oundedElastic-2] c.e.spike.core.ResilientChatService      : STREAM_ITEM sessionId=glm-short-timeout runId=glm-short-timeout#1791293829745 tsOffset=1234ms textLen=-1 hasToolCalls=false
2026-10-06T21:37:10.985+08:00  INFO 24320 --- [sp01d-resilience] [oundedElastic-2] c.e.spike.core.ResilientChatService      : STREAM_ITEM sessionId=glm-short-timeout runId=glm-short-timeout#1791293829745 tsOffset=1238ms textLen=-1 hasToolCalls=false
2026-10-06T21:37:10.992+08:00  INFO 24320 --- [sp01d-resilience] [oundedElastic-2] c.e.spike.core.ResilientChatService      : STREAM_ITEM sessionId=glm-short-timeout runId=glm-short-timeout#1791293829745 tsOffset=1245ms textLen=-1 hasToolCalls=false
2026-10-06T21:37:10.995+08:00  INFO 24320 --- [sp01d-resilience] [oundedElastic-2] c.e.spike.core.ResilientChatService      : STREAM_ITEM sessionId=glm-short-timeout runId=glm-short-timeout#1791293829745 tsOffset=1248ms textLen=-1 hasToolCalls=false
2026-10-06T21:37:10.995+08:00  INFO 24320 --- [sp01d-resilience] [oundedElastic-2] c.e.spike.core.ResilientChatService      : STREAM_ITEM sessionId=glm-short-timeout runId=glm-short-timeout#1791293829745 tsOffset=1248ms textLen=-1 hasToolCalls=false
2026-10-06T21:37:11.005+08:00  INFO 24320 --- [sp01d-resilience] [oundedElastic-2] c.e.spike.core.ResilientChatService      : STREAM_ITEM sessionId=glm-short-timeout runId=glm-short-timeout#1791293829745 tsOffset=1258ms textLen=-1 hasToolCalls=false
2026-10-06T21:37:11.005+08:00  INFO 24320 --- [sp01d-resilience] [oundedElastic-2] c.e.spike.core.ResilientChatService      : STREAM_ITEM sessionId=glm-short-timeout runId=glm-short-timeout#1791293829745 tsOffset=1258ms textLen=-1 hasToolCalls=false
2026-10-06T21:37:11.005+08:00  INFO 24320 --- [sp01d-resilience] [oundedElastic-2] c.e.spike.core.ResilientChatService      : STREAM_ITEM sessionId=glm-short-timeout runId=glm-short-timeout#1791293829745 tsOffset=1258ms textLen=-1 hasToolCalls=false
2026-10-06T21:37:11.006+08:00  INFO 24320 --- [sp01d-resilience] [oundedElastic-2] c.e.spike.core.ResilientChatService      : STREAM_ITEM sessionId=glm-short-timeout runId=glm-short-timeout#1791293829745 tsOffset=1259ms textLen=-1 hasToolCalls=false
2026-10-06T21:37:11.019+08:00  INFO 24320 --- [sp01d-resilience] [oundedElastic-2] c.e.spike.core.ResilientChatService      : STREAM_ITEM sessionId=glm-short-timeout runId=glm-short-timeout#1791293829745 tsOffset=1272ms textLen=-1 hasToolCalls=false
2026-10-06T21:37:11.020+08:00  INFO 24320 --- [sp01d-resilience] [oundedElastic-2] c.e.spike.core.ResilientChatService      : STREAM_ITEM sessionId=glm-short-timeout runId=glm-short-timeout#1791293829745 tsOffset=1273ms textLen=-1 hasToolCalls=false
2026-10-06T21:37:11.020+08:00  INFO 24320 --- [sp01d-resilience] [oundedElastic-2] c.e.spike.core.ResilientChatService      : STREAM_ITEM sessionId=glm-short-timeout runId=glm-short-timeout#1791293829745 tsOffset=1273ms textLen=-1 hasToolCalls=false
2026-10-06T21:37:11.021+08:00  INFO 24320 --- [sp01d-resilience] [oundedElastic-2] c.e.spike.core.ResilientChatService      : STREAM_ITEM sessionId=glm-short-timeout runId=glm-short-timeout#1791293829745 tsOffset=1274ms textLen=-1 hasToolCalls=false
2026-10-06T21:37:11.031+08:00  INFO 24320 --- [sp01d-resilience] [oundedElastic-2] c.e.spike.core.ResilientChatService      : STREAM_ITEM sessionId=glm-short-timeout runId=glm-short-timeout#1791293829745 tsOffset=1284ms textLen=-1 hasToolCalls=false
2026-10-06T21:37:11.032+08:00  INFO 24320 --- [sp01d-resilience] [oundedElastic-2] c.e.spike.core.ResilientChatService      : STREAM_ITEM sessionId=glm-short-timeout runId=glm-short-timeout#1791293829745 tsOffset=1284ms textLen=-1 hasToolCalls=false
2026-10-06T21:37:11.045+08:00  INFO 24320 --- [sp01d-resilience] [oundedElastic-2] c.e.spike.core.ResilientChatService      : STREAM_ITEM sessionId=glm-short-timeout runId=glm-short-timeout#1791293829745 tsOffset=1298ms textLen=-1 hasToolCalls=false
2026-10-06T21:37:11.059+08:00  INFO 24320 --- [sp01d-resilience] [oundedElastic-2] c.e.spike.core.ResilientChatService      : STREAM_ITEM sessionId=glm-short-timeout runId=glm-short-timeout#1791293829745 tsOffset=1312ms textLen=-1 hasToolCalls=false
2026-10-06T21:37:11.060+08:00  INFO 24320 --- [sp01d-resilience] [oundedElastic-2] c.e.spike.core.ResilientChatService      : STREAM_ITEM sessionId=glm-short-timeout runId=glm-short-timeout#1791293829745 tsOffset=1313ms textLen=-1 hasToolCalls=false
2026-10-06T21:37:11.060+08:00  INFO 24320 --- [sp01d-resilience] [oundedElastic-2] c.e.spike.core.ResilientChatService      : STREAM_ITEM sessionId=glm-short-timeout runId=glm-short-timeout#1791293829745 tsOffset=1313ms textLen=-1 hasToolCalls=false
2026-10-06T21:37:11.060+08:00  INFO 24320 --- [sp01d-resilience] [oundedElastic-2] c.e.spike.core.ResilientChatService      : STREAM_ITEM sessionId=glm-short-timeout runId=glm-short-timeout#1791293829745 tsOffset=1313ms textLen=-1 hasToolCalls=false
2026-10-06T21:37:11.073+08:00  INFO 24320 --- [sp01d-resilience] [oundedElastic-2] c.e.spike.core.ResilientChatService      : STREAM_ITEM sessionId=glm-short-timeout runId=glm-short-timeout#1791293829745 tsOffset=1326ms textLen=-1 hasToolCalls=false
2026-10-06T21:37:11.073+08:00  INFO 24320 --- [sp01d-resilience] [oundedElastic-2] c.e.spike.core.ResilientChatService      : STREAM_ITEM sessionId=glm-short-timeout runId=glm-short-timeout#1791293829745 tsOffset=1326ms textLen=-1 hasToolCalls=false
2026-10-06T21:37:11.074+08:00  INFO 24320 --- [sp01d-resilience] [oundedElastic-2] c.e.spike.core.ResilientChatService      : STREAM_ITEM sessionId=glm-short-timeout runId=glm-short-timeout#1791293829745 tsOffset=1327ms textLen=-1 hasToolCalls=false
2026-10-06T21:37:11.074+08:00  INFO 24320 --- [sp01d-resilience] [oundedElastic-2] c.e.spike.core.ResilientChatService      : STREAM_ITEM sessionId=glm-short-timeout runId=glm-short-timeout#1791293829745 tsOffset=1327ms textLen=-1 hasToolCalls=false
2026-10-06T21:37:11.088+08:00  INFO 24320 --- [sp01d-resilience] [oundedElastic-2] c.e.spike.core.ResilientChatService      : STREAM_ITEM sessionId=glm-short-timeout runId=glm-short-timeout#1791293829745 tsOffset=1341ms textLen=-1 hasToolCalls=false
2026-10-06T21:37:11.101+08:00  INFO 24320 --- [sp01d-resilience] [oundedElastic-2] c.e.spike.core.ResilientChatService      : STREAM_ITEM sessionId=glm-short-timeout runId=glm-short-timeout#1791293829745 tsOffset=1354ms textLen=-1 hasToolCalls=false
2026-10-06T21:37:11.101+08:00  INFO 24320 --- [sp01d-resilience] [oundedElastic-2] c.e.spike.core.ResilientChatService      : STREAM_ITEM sessionId=glm-short-timeout runId=glm-short-timeout#1791293829745 tsOffset=1354ms textLen=-1 hasToolCalls=false
2026-10-06T21:37:11.114+08:00  INFO 24320 --- [sp01d-resilience] [oundedElastic-2] c.e.spike.core.ResilientChatService      : STREAM_ITEM sessionId=glm-short-timeout runId=glm-short-timeout#1791293829745 tsOffset=1367ms textLen=-1 hasToolCalls=false
2026-10-06T21:37:11.114+08:00  INFO 24320 --- [sp01d-resilience] [oundedElastic-2] c.e.spike.core.ResilientChatService      : STREAM_ITEM sessionId=glm-short-timeout runId=glm-short-timeout#1791293829745 tsOffset=1367ms textLen=-1 hasToolCalls=false
2026-10-06T21:37:11.128+08:00  INFO 24320 --- [sp01d-resilience] [oundedElastic-2] c.e.spike.core.ResilientChatService      : STREAM_ITEM sessionId=glm-short-timeout runId=glm-short-timeout#1791293829745 tsOffset=1381ms textLen=-1 hasToolCalls=false
2026-10-06T21:37:11.129+08:00  INFO 24320 --- [sp01d-resilience] [oundedElastic-2] c.e.spike.core.ResilientChatService      : STREAM_ITEM sessionId=glm-short-timeout runId=glm-short-timeout#1791293829745 tsOffset=1382ms textLen=-1 hasToolCalls=false
2026-10-06T21:37:11.139+08:00  INFO 24320 --- [sp01d-resilience] [oundedElastic-2] c.e.spike.core.ResilientChatService      : STREAM_ITEM sessionId=glm-short-timeout runId=glm-short-timeout#1791293829745 tsOffset=1392ms textLen=-1 hasToolCalls=false
2026-10-06T21:37:11.143+08:00  INFO 24320 --- [sp01d-resilience] [oundedElastic-2] c.e.spike.core.ResilientChatService      : STREAM_ITEM sessionId=glm-short-timeout runId=glm-short-timeout#1791293829745 tsOffset=1396ms textLen=-1 hasToolCalls=false
2026-10-06T21:37:11.143+08:00  INFO 24320 --- [sp01d-resilience] [oundedElastic-2] c.e.spike.core.ResilientChatService      : STREAM_ITEM sessionId=glm-short-timeout runId=glm-short-timeout#1791293829745 tsOffset=1396ms textLen=-1 hasToolCalls=false
2026-10-06T21:37:11.144+08:00  INFO 24320 --- [sp01d-resilience] [oundedElastic-2] c.e.spike.core.ResilientChatService      : STREAM_ITEM sessionId=glm-short-timeout runId=glm-short-timeout#1791293829745 tsOffset=1397ms textLen=-1 hasToolCalls=false
2026-10-06T21:37:11.145+08:00  INFO 24320 --- [sp01d-resilience] [oundedElastic-2] c.e.spike.core.ResilientChatService      : STREAM_ITEM sessionId=glm-short-timeout runId=glm-short-timeout#1791293829745 tsOffset=1398ms textLen=-1 hasToolCalls=false
2026-10-06T21:37:11.156+08:00  INFO 24320 --- [sp01d-resilience] [oundedElastic-2] c.e.spike.core.ResilientChatService      : STREAM_ITEM sessionId=glm-short-timeout runId=glm-short-timeout#1791293829745 tsOffset=1409ms textLen=-1 hasToolCalls=false
2026-10-06T21:37:11.169+08:00  INFO 24320 --- [sp01d-resilience] [oundedElastic-2] c.e.spike.core.ResilientChatService      : STREAM_ITEM sessionId=glm-short-timeout runId=glm-short-timeout#1791293829745 tsOffset=1422ms textLen=-1 hasToolCalls=false
2026-10-06T21:37:11.170+08:00  INFO 24320 --- [sp01d-resilience] [oundedElastic-2] c.e.spike.core.ResilientChatService      : STREAM_ITEM sessionId=glm-short-timeout runId=glm-short-timeout#1791293829745 tsOffset=1423ms textLen=-1 hasToolCalls=false
2026-10-06T21:37:11.183+08:00  INFO 24320 --- [sp01d-resilience] [oundedElastic-2] c.e.spike.core.ResilientChatService      : STREAM_ITEM sessionId=glm-short-timeout runId=glm-short-timeout#1791293829745 tsOffset=1436ms textLen=-1 hasToolCalls=false
2026-10-06T21:37:11.183+08:00  INFO 24320 --- [sp01d-resilience] [oundedElastic-2] c.e.spike.core.ResilientChatService      : STREAM_ITEM sessionId=glm-short-timeout runId=glm-short-timeout#1791293829745 tsOffset=1436ms textLen=-1 hasToolCalls=false
2026-10-06T21:37:11.183+08:00  INFO 24320 --- [sp01d-resilience] [oundedElastic-2] c.e.spike.core.ResilientChatService      : STREAM_ITEM sessionId=glm-short-timeout runId=glm-short-timeout#1791293829745 tsOffset=1436ms textLen=-1 hasToolCalls=false
2026-10-06T21:37:11.183+08:00  INFO 24320 --- [sp01d-resilience] [oundedElastic-2] c.e.spike.core.ResilientChatService      : STREAM_ITEM sessionId=glm-short-timeout runId=glm-short-timeout#1791293829745 tsOffset=1436ms textLen=-1 hasToolCalls=false
2026-10-06T21:37:11.184+08:00  INFO 24320 --- [sp01d-resilience] [oundedElastic-2] c.e.spike.core.ResilientChatService      : STREAM_ITEM sessionId=glm-short-timeout runId=glm-short-timeout#1791293829745 tsOffset=1437ms textLen=-1 hasToolCalls=false
2026-10-06T21:37:11.185+08:00  INFO 24320 --- [sp01d-resilience] [oundedElastic-2] c.e.spike.core.ResilientChatService      : STREAM_ITEM sessionId=glm-short-timeout runId=glm-short-timeout#1791293829745 tsOffset=1438ms textLen=-1 hasToolCalls=false
2026-10-06T21:37:11.197+08:00  INFO 24320 --- [sp01d-resilience] [oundedElastic-2] c.e.spike.core.ResilientChatService      : STREAM_ITEM sessionId=glm-short-timeout runId=glm-short-timeout#1791293829745 tsOffset=1450ms textLen=-1 hasToolCalls=false
2026-10-06T21:37:11.198+08:00  INFO 24320 --- [sp01d-resilience] [oundedElastic-2] c.e.spike.core.ResilientChatService      : STREAM_ITEM sessionId=glm-short-timeout runId=glm-short-timeout#1791293829745 tsOffset=1451ms textLen=-1 hasToolCalls=false
2026-10-06T21:37:11.198+08:00  INFO 24320 --- [sp01d-resilience] [oundedElastic-2] c.e.spike.core.ResilientChatService      : STREAM_ITEM sessionId=glm-short-timeout runId=glm-short-timeout#1791293829745 tsOffset=1451ms textLen=-1 hasToolCalls=false
2026-10-06T21:37:11.199+08:00  INFO 24320 --- [sp01d-resilience] [oundedElastic-2] c.e.spike.core.ResilientChatService      : STREAM_ITEM sessionId=glm-short-timeout runId=glm-short-timeout#1791293829745 tsOffset=1452ms textLen=-1 hasToolCalls=false
2026-10-06T21:37:11.199+08:00  INFO 24320 --- [sp01d-resilience] [oundedElastic-2] c.e.spike.core.ResilientChatService      : STREAM_ITEM sessionId=glm-short-timeout runId=glm-short-timeout#1791293829745 tsOffset=1452ms textLen=-1 hasToolCalls=false
2026-10-06T21:37:11.210+08:00  INFO 24320 --- [sp01d-resilience] [oundedElastic-2] c.e.spike.core.ResilientChatService      : STREAM_ITEM sessionId=glm-short-timeout runId=glm-short-timeout#1791293829745 tsOffset=1463ms textLen=-1 hasToolCalls=false
2026-10-06T21:37:11.211+08:00  INFO 24320 --- [sp01d-resilience] [oundedElastic-2] c.e.spike.core.ResilientChatService      : STREAM_ITEM sessionId=glm-short-timeout runId=glm-short-timeout#1791293829745 tsOffset=1464ms textLen=-1 hasToolCalls=false
2026-10-06T21:37:11.212+08:00  INFO 24320 --- [sp01d-resilience] [oundedElastic-2] c.e.spike.core.ResilientChatService      : STREAM_ITEM sessionId=glm-short-timeout runId=glm-short-timeout#1791293829745 tsOffset=1465ms textLen=-1 hasToolCalls=false
2026-10-06T21:37:11.212+08:00  INFO 24320 --- [sp01d-resilience] [oundedElastic-2] c.e.spike.core.ResilientChatService      : STREAM_ITEM sessionId=glm-short-timeout runId=glm-short-timeout#1791293829745 tsOffset=1465ms textLen=-1 hasToolCalls=false
2026-10-06T21:37:11.223+08:00  INFO 24320 --- [sp01d-resilience] [oundedElastic-2] c.e.spike.core.ResilientChatService      : STREAM_ITEM sessionId=glm-short-timeout runId=glm-short-timeout#1791293829745 tsOffset=1476ms textLen=-1 hasToolCalls=false
2026-10-06T21:37:11.224+08:00  INFO 24320 --- [sp01d-resilience] [oundedElastic-2] c.e.spike.core.ResilientChatService      : STREAM_ITEM sessionId=glm-short-timeout runId=glm-short-timeout#1791293829745 tsOffset=1477ms textLen=-1 hasToolCalls=false
2026-10-06T21:37:11.237+08:00  INFO 24320 --- [sp01d-resilience] [oundedElastic-2] c.e.spike.core.ResilientChatService      : STREAM_ITEM sessionId=glm-short-timeout runId=glm-short-timeout#1791293829745 tsOffset=1490ms textLen=-1 hasToolCalls=false
2026-10-06T21:37:11.237+08:00  INFO 24320 --- [sp01d-resilience] [oundedElastic-2] c.e.spike.core.ResilientChatService      : STREAM_ITEM sessionId=glm-short-timeout runId=glm-short-timeout#1791293829745 tsOffset=1490ms textLen=-1 hasToolCalls=false
2026-10-06T21:37:11.315+08:00  INFO 24320 --- [sp01d-resilience] [oundedElastic-2] c.e.spike.core.ResilientChatService      : STREAM_ITEM sessionId=glm-short-timeout runId=glm-short-timeout#1791293829745 tsOffset=1568ms textLen=-1 hasToolCalls=false
2026-10-06T21:37:11.316+08:00  INFO 24320 --- [sp01d-resilience] [oundedElastic-2] c.e.spike.core.ResilientChatService      : STREAM_ITEM sessionId=glm-short-timeout runId=glm-short-timeout#1791293829745 tsOffset=1569ms textLen=-1 hasToolCalls=false
2026-10-06T21:37:11.318+08:00  INFO 24320 --- [sp01d-resilience] [oundedElastic-2] c.e.spike.core.ResilientChatService      : STREAM_ITEM sessionId=glm-short-timeout runId=glm-short-timeout#1791293829745 tsOffset=1571ms textLen=-1 hasToolCalls=false
2026-10-06T21:37:11.320+08:00  INFO 24320 --- [sp01d-resilience] [oundedElastic-2] c.e.spike.core.ResilientChatService      : STREAM_ITEM sessionId=glm-short-timeout runId=glm-short-timeout#1791293829745 tsOffset=1573ms textLen=-1 hasToolCalls=false
2026-10-06T21:37:11.320+08:00  INFO 24320 --- [sp01d-resilience] [oundedElastic-2] c.e.spike.core.ResilientChatService      : STREAM_ITEM sessionId=glm-short-timeout runId=glm-short-timeout#1791293829745 tsOffset=1573ms textLen=-1 hasToolCalls=false
2026-10-06T21:37:11.321+08:00  INFO 24320 --- [sp01d-resilience] [oundedElastic-2] c.e.spike.core.ResilientChatService      : STREAM_ITEM sessionId=glm-short-timeout runId=glm-short-timeout#1791293829745 tsOffset=1574ms textLen=-1 hasToolCalls=false
2026-10-06T21:37:11.321+08:00  INFO 24320 --- [sp01d-resilience] [oundedElastic-2] c.e.spike.core.ResilientChatService      : STREAM_ITEM sessionId=glm-short-timeout runId=glm-short-timeout#1791293829745 tsOffset=1574ms textLen=-1 hasToolCalls=false
2026-10-06T21:37:11.322+08:00  INFO 24320 --- [sp01d-resilience] [oundedElastic-2] c.e.spike.core.ResilientChatService      : STREAM_ITEM sessionId=glm-short-timeout runId=glm-short-timeout#1791293829745 tsOffset=1575ms textLen=-1 hasToolCalls=false
2026-10-06T21:37:11.322+08:00  INFO 24320 --- [sp01d-resilience] [oundedElastic-2] c.e.spike.core.ResilientChatService      : STREAM_ITEM sessionId=glm-short-timeout runId=glm-short-timeout#1791293829745 tsOffset=1575ms textLen=-1 hasToolCalls=false
2026-10-06T21:37:11.324+08:00  INFO 24320 --- [sp01d-resilience] [oundedElastic-2] c.e.spike.core.ResilientChatService      : STREAM_ITEM sessionId=glm-short-timeout runId=glm-short-timeout#1791293829745 tsOffset=1577ms textLen=2 hasToolCalls=false
2026-10-06T21:37:11.329+08:00  INFO 24320 --- [sp01d-resilience] [oundedElastic-2] c.e.spike.core.ResilientChatService      : STREAM_ITEM sessionId=glm-short-timeout runId=glm-short-timeout#1791293829745 tsOffset=1582ms textLen=2 hasToolCalls=false
2026-10-06T21:37:11.334+08:00  INFO 24320 --- [sp01d-resilience] [oundedElastic-2] c.e.spike.core.ResilientChatService      : STREAM_ITEM sessionId=glm-short-timeout runId=glm-short-timeout#1791293829745 tsOffset=1587ms textLen=2 hasToolCalls=false
2026-10-06T21:37:11.339+08:00  INFO 24320 --- [sp01d-resilience] [oundedElastic-2] c.e.spike.core.ResilientChatService      : STREAM_ITEM sessionId=glm-short-timeout runId=glm-short-timeout#1791293829745 tsOffset=1592ms textLen=1 hasToolCalls=false
2026-10-06T21:37:11.344+08:00  INFO 24320 --- [sp01d-resilience] [oundedElastic-2] c.e.spike.core.ResilientChatService      : STREAM_ITEM sessionId=glm-short-timeout runId=glm-short-timeout#1791293829745 tsOffset=1597ms textLen=1 hasToolCalls=false
2026-10-06T21:37:11.346+08:00  INFO 24320 --- [sp01d-resilience] [oundedElastic-2] c.e.spike.core.ResilientChatService      : STREAM_ITEM sessionId=glm-short-timeout runId=glm-short-timeout#1791293829745 tsOffset=1599ms textLen=1 hasToolCalls=false
2026-10-06T21:37:11.348+08:00  INFO 24320 --- [sp01d-resilience] [oundedElastic-2] c.e.spike.core.ResilientChatService      : STREAM_ITEM sessionId=glm-short-timeout runId=glm-short-timeout#1791293829745 tsOffset=1601ms textLen=1 hasToolCalls=false
2026-10-06T21:37:11.350+08:00  INFO 24320 --- [sp01d-resilience] [oundedElastic-2] c.e.spike.core.ResilientChatService      : STREAM_ITEM sessionId=glm-short-timeout runId=glm-short-timeout#1791293829745 tsOffset=1603ms textLen=2 hasToolCalls=false
2026-10-06T21:37:11.354+08:00  INFO 24320 --- [sp01d-resilience] [oundedElastic-2] c.e.spike.core.ResilientChatService      : STREAM_ITEM sessionId=glm-short-timeout runId=glm-short-timeout#1791293829745 tsOffset=1607ms textLen=2 hasToolCalls=false
2026-10-06T21:37:11.434+08:00  INFO 24320 --- [sp01d-resilience] [oundedElastic-2] c.e.spike.core.ResilientChatService      : STREAM_ITEM sessionId=glm-short-timeout runId=glm-short-timeout#1791293829745 tsOffset=1687ms textLen=1 hasToolCalls=false
2026-10-06T21:37:11.441+08:00 DEBUG 24320 --- [sp01d-resilience] [oundedElastic-1] o.s.a.m.tool.DefaultToolCallingManager   : Executing tool call: longTask
2026-10-06T21:37:13.439+08:00  INFO 24320 --- [sp01d-resilience] [oundedElastic-1] com.example.spike.tools.SpikeTools       : TOOL_EXEC source=INTERNAL_LOOP runId=glm-short-timeout#1791293829745 name=longTask outcome=OK durMs=1989 slices=0
2026-10-06T21:37:13.449+08:00  WARN 24320 --- [sp01d-resilience] [    spike-run-1] c.e.spike.core.ResilientChatService      : ATTEMPT_FAILED sessionId=glm-short-timeout attempt=1 costMs=3695 emittedAny=true sideEffect=true overBudget=false hasNext=true retryable=false reason=TimeoutException: Did not observe any item or terminal signal within first signal from a Publisher in 'handle' (and no fallback has been configured)
2026-10-06T21:37:13.458+08:00  INFO 24320 --- [sp01d-resilience] [    spike-run-1] c.e.spike.core.ResilientChatService      : RUN_END sessionId=glm-short-timeout runId=glm-short-timeout#1791293829745 terminal=FAILED attempts=1 elapsedMs=3704 deltas=10 emittedChars=15 contentLen=15
2026-10-06T21:37:39.498+08:00  INFO 24320 --- [sp01d-resilience] [oundedElastic-1] c.e.spike.core.ResilientChatService      : STREAM_ITEM sessionId=glm-short-timeout runId=glm-short-timeout#1791293858794 tsOffset=704ms textLen=-1 hasToolCalls=false
2026-10-06T21:37:39.559+08:00  INFO 24320 --- [sp01d-resilience] [oundedElastic-1] c.e.spike.core.ResilientChatService      : STREAM_ITEM sessionId=glm-short-timeout runId=glm-short-timeout#1791293858794 tsOffset=765ms textLen=-1 hasToolCalls=false
2026-10-06T21:37:39.571+08:00  INFO 24320 --- [sp01d-resilience] [oundedElastic-1] c.e.spike.core.ResilientChatService      : STREAM_ITEM sessionId=glm-short-timeout runId=glm-short-timeout#1791293858794 tsOffset=777ms textLen=-1 hasToolCalls=false
2026-10-06T21:37:39.571+08:00  INFO 24320 --- [sp01d-resilience] [oundedElastic-1] c.e.spike.core.ResilientChatService      : STREAM_ITEM sessionId=glm-short-timeout runId=glm-short-timeout#1791293858794 tsOffset=777ms textLen=-1 hasToolCalls=false
2026-10-06T21:37:39.588+08:00  INFO 24320 --- [sp01d-resilience] [oundedElastic-1] c.e.spike.core.ResilientChatService      : STREAM_ITEM sessionId=glm-short-timeout runId=glm-short-timeout#1791293858794 tsOffset=794ms textLen=-1 hasToolCalls=false
2026-10-06T21:37:39.604+08:00  INFO 24320 --- [sp01d-resilience] [oundedElastic-1] c.e.spike.core.ResilientChatService      : STREAM_ITEM sessionId=glm-short-timeout runId=glm-short-timeout#1791293858794 tsOffset=810ms textLen=-1 hasToolCalls=false
2026-10-06T21:37:39.608+08:00  INFO 24320 --- [sp01d-resilience] [oundedElastic-1] c.e.spike.core.ResilientChatService      : STREAM_ITEM sessionId=glm-short-timeout runId=glm-short-timeout#1791293858794 tsOffset=814ms textLen=-1 hasToolCalls=false
2026-10-06T21:37:39.609+08:00  INFO 24320 --- [sp01d-resilience] [oundedElastic-1] c.e.spike.core.ResilientChatService      : STREAM_ITEM sessionId=glm-short-timeout runId=glm-short-timeout#1791293858794 tsOffset=815ms textLen=-1 hasToolCalls=false
2026-10-06T21:37:39.610+08:00  INFO 24320 --- [sp01d-resilience] [oundedElastic-1] c.e.spike.core.ResilientChatService      : STREAM_ITEM sessionId=glm-short-timeout runId=glm-short-timeout#1791293858794 tsOffset=816ms textLen=-1 hasToolCalls=false
2026-10-06T21:37:39.611+08:00  INFO 24320 --- [sp01d-resilience] [oundedElastic-1] c.e.spike.core.ResilientChatService      : STREAM_ITEM sessionId=glm-short-timeout runId=glm-short-timeout#1791293858794 tsOffset=817ms textLen=-1 hasToolCalls=false
2026-10-06T21:37:39.618+08:00  INFO 24320 --- [sp01d-resilience] [oundedElastic-1] c.e.spike.core.ResilientChatService      : STREAM_ITEM sessionId=glm-short-timeout runId=glm-short-timeout#1791293858794 tsOffset=824ms textLen=-1 hasToolCalls=false
2026-10-06T21:37:39.618+08:00  INFO 24320 --- [sp01d-resilience] [oundedElastic-1] c.e.spike.core.ResilientChatService      : STREAM_ITEM sessionId=glm-short-timeout runId=glm-short-timeout#1791293858794 tsOffset=824ms textLen=-1 hasToolCalls=false
2026-10-06T21:37:39.618+08:00  INFO 24320 --- [sp01d-resilience] [oundedElastic-1] c.e.spike.core.ResilientChatService      : STREAM_ITEM sessionId=glm-short-timeout runId=glm-short-timeout#1791293858794 tsOffset=824ms textLen=-1 hasToolCalls=false
2026-10-06T21:37:39.631+08:00  INFO 24320 --- [sp01d-resilience] [oundedElastic-1] c.e.spike.core.ResilientChatService      : STREAM_ITEM sessionId=glm-short-timeout runId=glm-short-timeout#1791293858794 tsOffset=837ms textLen=-1 hasToolCalls=false
2026-10-06T21:37:39.633+08:00  INFO 24320 --- [sp01d-resilience] [oundedElastic-1] c.e.spike.core.ResilientChatService      : STREAM_ITEM sessionId=glm-short-timeout runId=glm-short-timeout#1791293858794 tsOffset=839ms textLen=-1 hasToolCalls=false
2026-10-06T21:37:39.633+08:00  INFO 24320 --- [sp01d-resilience] [oundedElastic-1] c.e.spike.core.ResilientChatService      : STREAM_ITEM sessionId=glm-short-timeout runId=glm-short-timeout#1791293858794 tsOffset=839ms textLen=-1 hasToolCalls=false
2026-10-06T21:37:39.634+08:00  INFO 24320 --- [sp01d-resilience] [oundedElastic-1] c.e.spike.core.ResilientChatService      : STREAM_ITEM sessionId=glm-short-timeout runId=glm-short-timeout#1791293858794 tsOffset=840ms textLen=-1 hasToolCalls=false
2026-10-06T21:37:39.634+08:00  INFO 24320 --- [sp01d-resilience] [oundedElastic-1] c.e.spike.core.ResilientChatService      : STREAM_ITEM sessionId=glm-short-timeout runId=glm-short-timeout#1791293858794 tsOffset=840ms textLen=-1 hasToolCalls=false
2026-10-06T21:37:39.644+08:00  INFO 24320 --- [sp01d-resilience] [oundedElastic-1] c.e.spike.core.ResilientChatService      : STREAM_ITEM sessionId=glm-short-timeout runId=glm-short-timeout#1791293858794 tsOffset=850ms textLen=-1 hasToolCalls=false
2026-10-06T21:37:39.644+08:00  INFO 24320 --- [sp01d-resilience] [oundedElastic-1] c.e.spike.core.ResilientChatService      : STREAM_ITEM sessionId=glm-short-timeout runId=glm-short-timeout#1791293858794 tsOffset=850ms textLen=-1 hasToolCalls=false
2026-10-06T21:37:39.645+08:00  INFO 24320 --- [sp01d-resilience] [oundedElastic-1] c.e.spike.core.ResilientChatService      : STREAM_ITEM sessionId=glm-short-timeout runId=glm-short-timeout#1791293858794 tsOffset=851ms textLen=-1 hasToolCalls=false
2026-10-06T21:37:39.646+08:00  INFO 24320 --- [sp01d-resilience] [oundedElastic-1] c.e.spike.core.ResilientChatService      : STREAM_ITEM sessionId=glm-short-timeout runId=glm-short-timeout#1791293858794 tsOffset=852ms textLen=-1 hasToolCalls=false
2026-10-06T21:37:39.655+08:00  INFO 24320 --- [sp01d-resilience] [oundedElastic-1] c.e.spike.core.ResilientChatService      : STREAM_ITEM sessionId=glm-short-timeout runId=glm-short-timeout#1791293858794 tsOffset=861ms textLen=-1 hasToolCalls=false
2026-10-06T21:37:39.670+08:00  INFO 24320 --- [sp01d-resilience] [oundedElastic-1] c.e.spike.core.ResilientChatService      : STREAM_ITEM sessionId=glm-short-timeout runId=glm-short-timeout#1791293858794 tsOffset=876ms textLen=-1 hasToolCalls=false
2026-10-06T21:37:39.673+08:00  INFO 24320 --- [sp01d-resilience] [oundedElastic-1] c.e.spike.core.ResilientChatService      : STREAM_ITEM sessionId=glm-short-timeout runId=glm-short-timeout#1791293858794 tsOffset=879ms textLen=-1 hasToolCalls=false
2026-10-06T21:37:39.682+08:00  INFO 24320 --- [sp01d-resilience] [oundedElastic-1] c.e.spike.core.ResilientChatService      : STREAM_ITEM sessionId=glm-short-timeout runId=glm-short-timeout#1791293858794 tsOffset=888ms textLen=-1 hasToolCalls=false
2026-10-06T21:37:39.682+08:00  INFO 24320 --- [sp01d-resilience] [oundedElastic-1] c.e.spike.core.ResilientChatService      : STREAM_ITEM sessionId=glm-short-timeout runId=glm-short-timeout#1791293858794 tsOffset=888ms textLen=-1 hasToolCalls=false
2026-10-06T21:37:39.682+08:00  INFO 24320 --- [sp01d-resilience] [oundedElastic-1] c.e.spike.core.ResilientChatService      : STREAM_ITEM sessionId=glm-short-timeout runId=glm-short-timeout#1791293858794 tsOffset=888ms textLen=-1 hasToolCalls=false
2026-10-06T21:37:39.683+08:00  INFO 24320 --- [sp01d-resilience] [oundedElastic-1] c.e.spike.core.ResilientChatService      : STREAM_ITEM sessionId=glm-short-timeout runId=glm-short-timeout#1791293858794 tsOffset=889ms textLen=-1 hasToolCalls=false
2026-10-06T21:37:39.696+08:00  INFO 24320 --- [sp01d-resilience] [oundedElastic-1] c.e.spike.core.ResilientChatService      : STREAM_ITEM sessionId=glm-short-timeout runId=glm-short-timeout#1791293858794 tsOffset=902ms textLen=-1 hasToolCalls=false
2026-10-06T21:37:39.697+08:00  INFO 24320 --- [sp01d-resilience] [oundedElastic-1] c.e.spike.core.ResilientChatService      : STREAM_ITEM sessionId=glm-short-timeout runId=glm-short-timeout#1791293858794 tsOffset=903ms textLen=-1 hasToolCalls=false
2026-10-06T21:37:39.709+08:00  INFO 24320 --- [sp01d-resilience] [oundedElastic-1] c.e.spike.core.ResilientChatService      : STREAM_ITEM sessionId=glm-short-timeout runId=glm-short-timeout#1791293858794 tsOffset=915ms textLen=-1 hasToolCalls=false
2026-10-06T21:37:39.710+08:00  INFO 24320 --- [sp01d-resilience] [oundedElastic-1] c.e.spike.core.ResilientChatService      : STREAM_ITEM sessionId=glm-short-timeout runId=glm-short-timeout#1791293858794 tsOffset=916ms textLen=-1 hasToolCalls=false
2026-10-06T21:37:39.710+08:00  INFO 24320 --- [sp01d-resilience] [oundedElastic-1] c.e.spike.core.ResilientChatService      : STREAM_ITEM sessionId=glm-short-timeout runId=glm-short-timeout#1791293858794 tsOffset=916ms textLen=-1 hasToolCalls=false
2026-10-06T21:37:39.710+08:00  INFO 24320 --- [sp01d-resilience] [oundedElastic-1] c.e.spike.core.ResilientChatService      : STREAM_ITEM sessionId=glm-short-timeout runId=glm-short-timeout#1791293858794 tsOffset=916ms textLen=-1 hasToolCalls=false
2026-10-06T21:37:39.711+08:00  INFO 24320 --- [sp01d-resilience] [oundedElastic-1] c.e.spike.core.ResilientChatService      : STREAM_ITEM sessionId=glm-short-timeout runId=glm-short-timeout#1791293858794 tsOffset=917ms textLen=-1 hasToolCalls=false
2026-10-06T21:37:39.711+08:00  INFO 24320 --- [sp01d-resilience] [oundedElastic-1] c.e.spike.core.ResilientChatService      : STREAM_ITEM sessionId=glm-short-timeout runId=glm-short-timeout#1791293858794 tsOffset=917ms textLen=-1 hasToolCalls=false
2026-10-06T21:37:39.723+08:00  INFO 24320 --- [sp01d-resilience] [oundedElastic-1] c.e.spike.core.ResilientChatService      : STREAM_ITEM sessionId=glm-short-timeout runId=glm-short-timeout#1791293858794 tsOffset=929ms textLen=-1 hasToolCalls=false
2026-10-06T21:37:39.723+08:00  INFO 24320 --- [sp01d-resilience] [oundedElastic-1] c.e.spike.core.ResilientChatService      : STREAM_ITEM sessionId=glm-short-timeout runId=glm-short-timeout#1791293858794 tsOffset=929ms textLen=-1 hasToolCalls=false
2026-10-06T21:37:39.723+08:00  INFO 24320 --- [sp01d-resilience] [oundedElastic-1] c.e.spike.core.ResilientChatService      : STREAM_ITEM sessionId=glm-short-timeout runId=glm-short-timeout#1791293858794 tsOffset=929ms textLen=-1 hasToolCalls=false
2026-10-06T21:37:39.723+08:00  INFO 24320 --- [sp01d-resilience] [oundedElastic-1] c.e.spike.core.ResilientChatService      : STREAM_ITEM sessionId=glm-short-timeout runId=glm-short-timeout#1791293858794 tsOffset=929ms textLen=-1 hasToolCalls=false
2026-10-06T21:37:39.723+08:00  INFO 24320 --- [sp01d-resilience] [oundedElastic-1] c.e.spike.core.ResilientChatService      : STREAM_ITEM sessionId=glm-short-timeout runId=glm-short-timeout#1791293858794 tsOffset=929ms textLen=-1 hasToolCalls=false
2026-10-06T21:37:39.738+08:00  INFO 24320 --- [sp01d-resilience] [oundedElastic-1] c.e.spike.core.ResilientChatService      : STREAM_ITEM sessionId=glm-short-timeout runId=glm-short-timeout#1791293858794 tsOffset=944ms textLen=-1 hasToolCalls=false
2026-10-06T21:37:39.752+08:00  INFO 24320 --- [sp01d-resilience] [oundedElastic-1] c.e.spike.core.ResilientChatService      : STREAM_ITEM sessionId=glm-short-timeout runId=glm-short-timeout#1791293858794 tsOffset=958ms textLen=-1 hasToolCalls=false
2026-10-06T21:37:39.752+08:00  INFO 24320 --- [sp01d-resilience] [oundedElastic-1] c.e.spike.core.ResilientChatService      : STREAM_ITEM sessionId=glm-short-timeout runId=glm-short-timeout#1791293858794 tsOffset=958ms textLen=-1 hasToolCalls=false
2026-10-06T21:37:39.753+08:00  INFO 24320 --- [sp01d-resilience] [oundedElastic-1] c.e.spike.core.ResilientChatService      : STREAM_ITEM sessionId=glm-short-timeout runId=glm-short-timeout#1791293858794 tsOffset=959ms textLen=-1 hasToolCalls=false
2026-10-06T21:37:39.753+08:00  INFO 24320 --- [sp01d-resilience] [oundedElastic-1] c.e.spike.core.ResilientChatService      : STREAM_ITEM sessionId=glm-short-timeout runId=glm-short-timeout#1791293858794 tsOffset=959ms textLen=-1 hasToolCalls=false
2026-10-06T21:37:39.754+08:00  INFO 24320 --- [sp01d-resilience] [oundedElastic-1] c.e.spike.core.ResilientChatService      : STREAM_ITEM sessionId=glm-short-timeout runId=glm-short-timeout#1791293858794 tsOffset=960ms textLen=-1 hasToolCalls=false
2026-10-06T21:37:39.755+08:00  INFO 24320 --- [sp01d-resilience] [oundedElastic-1] c.e.spike.core.ResilientChatService      : STREAM_ITEM sessionId=glm-short-timeout runId=glm-short-timeout#1791293858794 tsOffset=961ms textLen=-1 hasToolCalls=false
2026-10-06T21:37:39.764+08:00  INFO 24320 --- [sp01d-resilience] [oundedElastic-1] c.e.spike.core.ResilientChatService      : STREAM_ITEM sessionId=glm-short-timeout runId=glm-short-timeout#1791293858794 tsOffset=970ms textLen=-1 hasToolCalls=false
2026-10-06T21:37:39.765+08:00  INFO 24320 --- [sp01d-resilience] [oundedElastic-1] c.e.spike.core.ResilientChatService      : STREAM_ITEM sessionId=glm-short-timeout runId=glm-short-timeout#1791293858794 tsOffset=971ms textLen=-1 hasToolCalls=false
2026-10-06T21:37:39.765+08:00  INFO 24320 --- [sp01d-resilience] [oundedElastic-1] c.e.spike.core.ResilientChatService      : STREAM_ITEM sessionId=glm-short-timeout runId=glm-short-timeout#1791293858794 tsOffset=971ms textLen=-1 hasToolCalls=false
2026-10-06T21:37:39.776+08:00  INFO 24320 --- [sp01d-resilience] [oundedElastic-1] c.e.spike.core.ResilientChatService      : STREAM_ITEM sessionId=glm-short-timeout runId=glm-short-timeout#1791293858794 tsOffset=982ms textLen=-1 hasToolCalls=false
2026-10-06T21:37:39.776+08:00  INFO 24320 --- [sp01d-resilience] [oundedElastic-1] c.e.spike.core.ResilientChatService      : STREAM_ITEM sessionId=glm-short-timeout runId=glm-short-timeout#1791293858794 tsOffset=982ms textLen=-1 hasToolCalls=false
2026-10-06T21:37:39.776+08:00  INFO 24320 --- [sp01d-resilience] [oundedElastic-1] c.e.spike.core.ResilientChatService      : STREAM_ITEM sessionId=glm-short-timeout runId=glm-short-timeout#1791293858794 tsOffset=982ms textLen=-1 hasToolCalls=false
2026-10-06T21:37:39.777+08:00  INFO 24320 --- [sp01d-resilience] [oundedElastic-1] c.e.spike.core.ResilientChatService      : STREAM_ITEM sessionId=glm-short-timeout runId=glm-short-timeout#1791293858794 tsOffset=983ms textLen=-1 hasToolCalls=false
2026-10-06T21:37:39.777+08:00  INFO 24320 --- [sp01d-resilience] [oundedElastic-1] c.e.spike.core.ResilientChatService      : STREAM_ITEM sessionId=glm-short-timeout runId=glm-short-timeout#1791293858794 tsOffset=983ms textLen=-1 hasToolCalls=false
2026-10-06T21:37:39.795+08:00  INFO 24320 --- [sp01d-resilience] [oundedElastic-1] c.e.spike.core.ResilientChatService      : STREAM_ITEM sessionId=glm-short-timeout runId=glm-short-timeout#1791293858794 tsOffset=1001ms textLen=-1 hasToolCalls=false
2026-10-06T21:37:39.795+08:00  INFO 24320 --- [sp01d-resilience] [oundedElastic-1] c.e.spike.core.ResilientChatService      : STREAM_ITEM sessionId=glm-short-timeout runId=glm-short-timeout#1791293858794 tsOffset=1001ms textLen=-1 hasToolCalls=false
2026-10-06T21:37:39.796+08:00  INFO 24320 --- [sp01d-resilience] [oundedElastic-1] c.e.spike.core.ResilientChatService      : STREAM_ITEM sessionId=glm-short-timeout runId=glm-short-timeout#1791293858794 tsOffset=1002ms textLen=-1 hasToolCalls=false
2026-10-06T21:37:39.798+08:00  INFO 24320 --- [sp01d-resilience] [oundedElastic-1] c.e.spike.core.ResilientChatService      : STREAM_ITEM sessionId=glm-short-timeout runId=glm-short-timeout#1791293858794 tsOffset=1004ms textLen=-1 hasToolCalls=false
2026-10-06T21:37:39.799+08:00  INFO 24320 --- [sp01d-resilience] [oundedElastic-1] c.e.spike.core.ResilientChatService      : STREAM_ITEM sessionId=glm-short-timeout runId=glm-short-timeout#1791293858794 tsOffset=1005ms textLen=-1 hasToolCalls=false
2026-10-06T21:37:39.799+08:00  INFO 24320 --- [sp01d-resilience] [oundedElastic-1] c.e.spike.core.ResilientChatService      : STREAM_ITEM sessionId=glm-short-timeout runId=glm-short-timeout#1791293858794 tsOffset=1005ms textLen=-1 hasToolCalls=false
2026-10-06T21:37:39.804+08:00  INFO 24320 --- [sp01d-resilience] [oundedElastic-1] c.e.spike.core.ResilientChatService      : STREAM_ITEM sessionId=glm-short-timeout runId=glm-short-timeout#1791293858794 tsOffset=1010ms textLen=-1 hasToolCalls=false
2026-10-06T21:37:39.804+08:00  INFO 24320 --- [sp01d-resilience] [oundedElastic-1] c.e.spike.core.ResilientChatService      : STREAM_ITEM sessionId=glm-short-timeout runId=glm-short-timeout#1791293858794 tsOffset=1010ms textLen=-1 hasToolCalls=false
2026-10-06T21:37:39.806+08:00  INFO 24320 --- [sp01d-resilience] [oundedElastic-1] c.e.spike.core.ResilientChatService      : STREAM_ITEM sessionId=glm-short-timeout runId=glm-short-timeout#1791293858794 tsOffset=1012ms textLen=-1 hasToolCalls=false
2026-10-06T21:37:39.806+08:00  INFO 24320 --- [sp01d-resilience] [oundedElastic-1] c.e.spike.core.ResilientChatService      : STREAM_ITEM sessionId=glm-short-timeout runId=glm-short-timeout#1791293858794 tsOffset=1012ms textLen=-1 hasToolCalls=false
2026-10-06T21:37:39.808+08:00  INFO 24320 --- [sp01d-resilience] [oundedElastic-1] c.e.spike.core.ResilientChatService      : STREAM_ITEM sessionId=glm-short-timeout runId=glm-short-timeout#1791293858794 tsOffset=1014ms textLen=-1 hasToolCalls=false
2026-10-06T21:37:39.809+08:00  INFO 24320 --- [sp01d-resilience] [oundedElastic-1] c.e.spike.core.ResilientChatService      : STREAM_ITEM sessionId=glm-short-timeout runId=glm-short-timeout#1791293858794 tsOffset=1015ms textLen=-1 hasToolCalls=false
2026-10-06T21:37:39.820+08:00  INFO 24320 --- [sp01d-resilience] [oundedElastic-1] c.e.spike.core.ResilientChatService      : STREAM_ITEM sessionId=glm-short-timeout runId=glm-short-timeout#1791293858794 tsOffset=1026ms textLen=-1 hasToolCalls=false
2026-10-06T21:37:39.822+08:00  INFO 24320 --- [sp01d-resilience] [oundedElastic-1] c.e.spike.core.ResilientChatService      : STREAM_ITEM sessionId=glm-short-timeout runId=glm-short-timeout#1791293858794 tsOffset=1028ms textLen=-1 hasToolCalls=false
2026-10-06T21:37:39.832+08:00  INFO 24320 --- [sp01d-resilience] [oundedElastic-1] c.e.spike.core.ResilientChatService      : STREAM_ITEM sessionId=glm-short-timeout runId=glm-short-timeout#1791293858794 tsOffset=1038ms textLen=-1 hasToolCalls=false
2026-10-06T21:37:39.833+08:00  INFO 24320 --- [sp01d-resilience] [oundedElastic-1] c.e.spike.core.ResilientChatService      : STREAM_ITEM sessionId=glm-short-timeout runId=glm-short-timeout#1791293858794 tsOffset=1039ms textLen=-1 hasToolCalls=false
2026-10-06T21:37:39.833+08:00  INFO 24320 --- [sp01d-resilience] [oundedElastic-1] c.e.spike.core.ResilientChatService      : STREAM_ITEM sessionId=glm-short-timeout runId=glm-short-timeout#1791293858794 tsOffset=1039ms textLen=-1 hasToolCalls=false
2026-10-06T21:37:39.834+08:00  INFO 24320 --- [sp01d-resilience] [oundedElastic-1] c.e.spike.core.ResilientChatService      : STREAM_ITEM sessionId=glm-short-timeout runId=glm-short-timeout#1791293858794 tsOffset=1040ms textLen=-1 hasToolCalls=false
2026-10-06T21:37:39.835+08:00  INFO 24320 --- [sp01d-resilience] [oundedElastic-1] c.e.spike.core.ResilientChatService      : STREAM_ITEM sessionId=glm-short-timeout runId=glm-short-timeout#1791293858794 tsOffset=1041ms textLen=-1 hasToolCalls=false
2026-10-06T21:37:39.880+08:00  INFO 24320 --- [sp01d-resilience] [oundedElastic-1] c.e.spike.core.ResilientChatService      : STREAM_ITEM sessionId=glm-short-timeout runId=glm-short-timeout#1791293858794 tsOffset=1086ms textLen=-1 hasToolCalls=false
2026-10-06T21:37:39.881+08:00  INFO 24320 --- [sp01d-resilience] [oundedElastic-1] c.e.spike.core.ResilientChatService      : STREAM_ITEM sessionId=glm-short-timeout runId=glm-short-timeout#1791293858794 tsOffset=1087ms textLen=-1 hasToolCalls=false
2026-10-06T21:37:39.881+08:00  INFO 24320 --- [sp01d-resilience] [oundedElastic-1] c.e.spike.core.ResilientChatService      : STREAM_ITEM sessionId=glm-short-timeout runId=glm-short-timeout#1791293858794 tsOffset=1087ms textLen=-1 hasToolCalls=false
2026-10-06T21:37:39.881+08:00  INFO 24320 --- [sp01d-resilience] [oundedElastic-1] c.e.spike.core.ResilientChatService      : STREAM_ITEM sessionId=glm-short-timeout runId=glm-short-timeout#1791293858794 tsOffset=1087ms textLen=-1 hasToolCalls=false
2026-10-06T21:37:39.989+08:00 DEBUG 24320 --- [sp01d-resilience] [oundedElastic-2] o.s.a.m.tool.DefaultToolCallingManager   : Executing tool call: longTask
2026-10-06T21:37:39.989+08:00  INFO 24320 --- [sp01d-resilience] [oundedElastic-1] c.e.spike.core.ResilientChatService      : STREAM_ITEM sessionId=glm-short-timeout runId=glm-short-timeout#1791293858794 tsOffset=1195ms textLen=-1 hasToolCalls=false
2026-10-06T21:37:41.991+08:00  INFO 24320 --- [sp01d-resilience] [oundedElastic-2] com.example.spike.tools.SpikeTools       : TOOL_EXEC source=INTERNAL_LOOP runId=glm-short-timeout#1791293858794 name=longTask outcome=OK durMs=2001 slices=0
2026-10-06T21:37:41.992+08:00  WARN 24320 --- [sp01d-resilience] [    spike-run-2] c.e.spike.core.ResilientChatService      : ATTEMPT_FAILED sessionId=glm-short-timeout attempt=1 costMs=3195 emittedAny=false sideEffect=true overBudget=false hasNext=true retryable=false reason=TimeoutException: Did not observe any item or terminal signal within first signal from a Publisher in 'handle' (and no fallback has been configured)
2026-10-06T21:37:41.993+08:00  INFO 24320 --- [sp01d-resilience] [    spike-run-2] c.e.spike.core.ResilientChatService      : RUN_END sessionId=glm-short-timeout runId=glm-short-timeout#1791293858794 terminal=FAILED attempts=1 elapsedMs=3199 deltas=0 emittedChars=0 contentLen=0
